{
    "data": [
        {
            "image": [
                {
                    "size": "small",
                    "text": "https://lastfm-img2.akamaized.net/i/u/34s/CENSORED.png"
                },
                {
                    "size": "medium",
                    "text": "https://lastfm-img2.akamaized.net/i/u/64s/CENSORED.png"
                },
                {
                    "size": "large",
                    "text": "https://lastfm-img2.akamaized.net/i/u/174s/CENSORED.png"
                },
                {
                    "size": "extralarge",
                    "text": "https://lastfm-img2.akamaized.net/i/u/300x300/CENSORED.png"
                },
                {
                    "size": "mega",
                    "text": "https://lastfm-img2.akamaized.net/i/u/300x300/CENSORED.png"
                }
            ],
            "mbid": "CENSORED194e",
            "name": "Jack Bruce",
            "url": "https://www.last.fm/music/Jack+Bruce"
        },
        {
            "image": [
                {
                    "size": "small",
                    "text": "https://lastfm-img2.akamaized.net/i/u/34s/CENSORED.png"
                },
                {
                    "size": "medium",
                    "text": "https://lastfm-img2.akamaized.net/i/u/64s/CENSORED.png"
                },
                {
                    "size": "large",
                    "text": "https://lastfm-img2.akamaized.net/i/u/174s/CENSORED.png"
                },
                {
                    "size": "extralarge",
                    "text": "https://lastfm-img2.akamaized.net/i/u/300x300/CENSORED.png"
                },
                {
                    "size": "mega",
                    "text": "https://lastfm-img2.akamaized.net/i/u/300x300/CENSORED.png"
                }
            ],
            "mbid": "CENSOREDb294",
            "name": "Afghan Whigs",
            "url": "https://www.last.fm/music/Afghan+Whigs"
        },
        {
            "image": [
                {
                    "size": "small",
                    "text": "https://lastfm-img2.akamaized.net/i/u/34s/CENSORED.png"
                },
                {
                    "size": "medium",
                    "text": "https://lastfm-img2.akamaized.net/i/u/64s/CENSORED.png"
                },
                {
                    "size": "large",
                    "text": "https://lastfm-img2.akamaized.net/i/u/174s/CENSORED.png"
                },
                {
                    "size": "extralarge",
                    "text": "https://lastfm-img2.akamaized.net/i/u/300x300/CENSORED.png"
                },
                {
                    "size": "mega",
                    "text": "https://lastfm-img2.akamaized.net/i/u/300x300/CENSORED.png"
                }
            ],
            "mbid": "CENSORED76a6",
            "name": "JEFF the Brotherhood",
            "url": "https://www.last.fm/music/JEFF+the+Brotherhood"
        },
        {
            "image": [
                {
                    "size": "small",
                    "text": "https://lastfm-img2.akamaized.net/i/u/34s/CENSORED.png"
                },
                {
                    "size": "medium",
                    "text": "https://lastfm-img2.akamaized.net/i/u/64s/CENSORED.png"
                },
                {
                    "size": "large",
                    "text": "https://lastfm-img2.akamaized.net/i/u/174s/CENSORED.png"
                },
                {
                    "size": "extralarge",
                    "text": "https://lastfm-img2.akamaized.net/i/u/300x300/CENSORED.png"
                },
                {
                    "size": "mega",
                    "text": "https://lastfm-img2.akamaized.net/i/u/300x300/CENSORED.png"
                }
            ],
            "mbid": "CENSORED23ed",
            "name": "Morphine",
            "url": "https://www.last.fm/music/Morphine"
        },
        {
            "image": [
                {
                    "size": "small",
                    "text": "https://lastfm-img2.akamaized.net/i/u/34s/CENSORED.png"
                },
                {
                    "size": "medium",
                    "text": "https://lastfm-img2.akamaized.net/i/u/64s/CENSORED.png"
                },
                {
                    "size": "large",
                    "text": "https://lastfm-img2.akamaized.net/i/u/174s/CENSORED.png"
                },
                {
                    "size": "extralarge",
                    "text": "https://lastfm-img2.akamaized.net/i/u/300x300/CENSORED.png"
                },
                {
                    "size": "mega",
                    "text": "https://lastfm-img2.akamaized.net/i/u/300x300/CENSORED.png"
                }
            ],
            "mbid": "CENSOREDb1b5",
            "name": "John Hammond",
            "url": "https://www.last.fm/music/John+Hammond"
        },
        {
            "image": [
                {
                    "size": "small",
                    "text": "https://lastfm-img2.akamaized.net/i/u/34s/CENSORED.png"
                },
                {
                    "size": "medium",
                    "text": "https://lastfm-img2.akamaized.net/i/u/64s/CENSORED.png"
                },
                {
                    "size": "large",
                    "text": "https://lastfm-img2.akamaized.net/i/u/174s/CENSORED.png"
                },
                {
                    "size": "extralarge",
                    "text": "https://lastfm-img2.akamaized.net/i/u/300x300/CENSORED.png"
                },
                {
                    "size": "mega",
                    "text": "https://lastfm-img2.akamaized.net/i/u/300x300/CENSORED.png"
                }
            ],
            "mbid": "CENSOREDe919",
            "name": "G3",
            "url": "https://www.last.fm/music/G3"
        },
        {
            "image": [
                {
                    "size": "small",
                    "text": "https://lastfm-img2.akamaized.net/i/u/34s/CENSORED.png"
                },
                {
                    "size": "medium",
                    "text": "https://lastfm-img2.akamaized.net/i/u/64s/CENSORED.png"
                },
                {
                    "size": "large",
                    "text": "https://lastfm-img2.akamaized.net/i/u/174s/CENSORED.png"
                },
                {
                    "size": "extralarge",
                    "text": "https://lastfm-img2.akamaized.net/i/u/300x300/CENSORED.png"
                },
                {
                    "size": "mega",
                    "text": "https://lastfm-img2.akamaized.net/i/u/300x300/CENSORED.png"
                }
            ],
            "mbid": "CENSOREDc68e",
            "name": "Steve Winwood",
            "url": "https://www.last.fm/music/Steve+Winwood"
        },
        {
            "image": [
                {
                    "size": "small",
                    "text": "https://lastfm-img2.akamaized.net/i/u/34s/CENSORED.png"
                },
                {
                    "size": "medium",
                    "text": "https://lastfm-img2.akamaized.net/i/u/64s/CENSORED.png"
                },
                {
                    "size": "large",
                    "text": "https://lastfm-img2.akamaized.net/i/u/174s/CENSORED.png"
                },
                {
                    "size": "extralarge",
                    "text": "https://lastfm-img2.akamaized.net/i/u/300x300/CENSORED.png"
                },
                {
                    "size": "mega",
                    "text": "https://lastfm-img2.akamaized.net/i/u/300x300/CENSORED.png"
                }
            ],
            "mbid": "CENSOREDda4b",
            "name": "Sebastian Bach",
            "url": "https://www.last.fm/music/Sebastian+Bach"
        },
        {
            "image": [
                {
                    "size": "small",
                    "text": "https://lastfm-img2.akamaized.net/i/u/34s/CENSORED.png"
                },
                {
                    "size": "medium",
                    "text": "https://lastfm-img2.akamaized.net/i/u/64s/CENSORED.png"
                },
                {
                    "size": "large",
                    "text": "https://lastfm-img2.akamaized.net/i/u/174s/CENSORED.png"
                },
                {
                    "size": "extralarge",
                    "text": "https://lastfm-img2.akamaized.net/i/u/300x300/CENSORED.png"
                },
                {
                    "size": "mega",
                    "text": "https://lastfm-img2.akamaized.net/i/u/300x300/CENSORED.png"
                }
            ],
            "mbid": "CENSORED6d14",
            "name": "The 69 Eyes",
            "url": "https://www.last.fm/music/The+69+Eyes"
        },
        {
            "image": [
                {
                    "size": "small",
                    "text": "https://lastfm-img2.akamaized.net/i/u/34s/CENSORED.png"
                },
                {
                    "size": "medium",
                    "text": "https://lastfm-img2.akamaized.net/i/u/64s/CENSORED.png"
                },
                {
                    "size": "large",
                    "text": "https://lastfm-img2.akamaized.net/i/u/174s/CENSORED.png"
                },
                {
                    "size": "extralarge",
                    "text": "https://lastfm-img2.akamaized.net/i/u/300x300/CENSORED.png"
                },
                {
                    "size": "mega",
                    "text": "https://lastfm-img2.akamaized.net/i/u/300x300/CENSORED.png"
                }
            ],
            "mbid": "",
            "name": "Big Wolf Pappa",
            "url": "https://www.last.fm/music/Big+Wolf+Pappa"
        },
        {
            "image": [
                {
                    "size": "small",
                    "text": "https://lastfm-img2.akamaized.net/i/u/34s/CENSORED.png"
                },
                {
                    "size": "medium",
                    "text": "https://lastfm-img2.akamaized.net/i/u/64s/CENSORED.png"
                },
                {
                    "size": "large",
                    "text": "https://lastfm-img2.akamaized.net/i/u/174s/CENSORED.png"
                },
                {
                    "size": "extralarge",
                    "text": "https://lastfm-img2.akamaized.net/i/u/300x300/CENSORED.png"
                },
                {
                    "size": "mega",
                    "text": "https://lastfm-img2.akamaized.net/i/u/300x300/CENSORED.png"
                }
            ],
            "mbid": "CENSORED7c15",
            "name": "Van Halen",
            "url": "https://www.last.fm/music/Van+Halen"
        },
        {
            "image": [
                {
                    "size": "small",
                    "text": "https://lastfm-img2.akamaized.net/i/u/34s/CENSORED.png"
                },
                {
                    "size": "medium",
                    "text": "https://lastfm-img2.akamaized.net/i/u/64s/CENSORED.png"
                },
                {
                    "size": "large",
                    "text": "https://lastfm-img2.akamaized.net/i/u/174s/CENSORED.png"
                },
                {
                    "size": "extralarge",
                    "text": "https://lastfm-img2.akamaized.net/i/u/300x300/CENSORED.png"
                },
                {
                    "size": "mega",
                    "text": "https://lastfm-img2.akamaized.net/i/u/300x300/CENSORED.png"
                }
            ],
            "mbid": "CENSORED44bf",
            "name": "White Lion",
            "url": "https://www.last.fm/music/White+Lion"
        },
        {
            "image": [
                {
                    "size": "small",
                    "text": "https://lastfm-img2.akamaized.net/i/u/34s/CENSORED.png"
                },
                {
                    "size": "medium",
                    "text": "https://lastfm-img2.akamaized.net/i/u/64s/CENSORED.png"
                },
                {
                    "size": "large",
                    "text": "https://lastfm-img2.akamaized.net/i/u/174s/CENSORED.png"
                },
                {
                    "size": "extralarge",
                    "text": "https://lastfm-img2.akamaized.net/i/u/300x300/CENSORED.png"
                },
                {
                    "size": "mega",
                    "text": "https://lastfm-img2.akamaized.net/i/u/300x300/CENSORED.png"
                }
            ],
            "mbid": "CENSORED674a",
            "name": "Led Zeppelin",
            "url": "https://www.last.fm/music/Led+Zeppelin"
        },
        {
            "image": [
                {
                    "size": "small",
                    "text": "https://lastfm-img2.akamaized.net/i/u/34s/CENSORED.png"
                },
                {
                    "size": "medium",
                    "text": "https://lastfm-img2.akamaized.net/i/u/64s/CENSORED.png"
                },
                {
                    "size": "large",
                    "text": "https://lastfm-img2.akamaized.net/i/u/174s/CENSORED.png"
                },
                {
                    "size": "extralarge",
                    "text": "https://lastfm-img2.akamaized.net/i/u/300x300/CENSORED.png"
                },
                {
                    "size": "mega",
                    "text": "https://lastfm-img2.akamaized.net/i/u/300x300/CENSORED.png"
                }
            ],
            "mbid": "CENSORED3ed1",
            "name": "AC/DC",
            "url": "https://www.last.fm/music/AC%2FDC"
        },
        {
            "image": [
                {
                    "size": "small",
                    "text": "https://lastfm-img2.akamaized.net/i/u/34s/CENSORED.png"
                },
                {
                    "size": "medium",
                    "text": "https://lastfm-img2.akamaized.net/i/u/64s/CENSORED.png"
                },
                {
                    "size": "large",
                    "text": "https://lastfm-img2.akamaized.net/i/u/174s/CENSORED.png"
                },
                {
                    "size": "extralarge",
                    "text": "https://lastfm-img2.akamaized.net/i/u/300x300/CENSORED.png"
                },
                {
                    "size": "mega",
                    "text": "https://lastfm-img2.akamaized.net/i/u/300x300/CENSORED.png"
                }
            ],
            "mbid": "CENSORED0ecd",
            "name": "Nelson",
            "url": "https://www.last.fm/music/Nelson"
        },
        {
            "image": [
                {
                    "size": "small",
                    "text": "https://lastfm-img2.akamaized.net/i/u/34s/CENSORED.png"
                },
                {
                    "size": "medium",
                    "text": "https://lastfm-img2.akamaized.net/i/u/64s/CENSORED.png"
                },
                {
                    "size": "large",
                    "text": "https://lastfm-img2.akamaized.net/i/u/174s/CENSORED.png"
                },
                {
                    "size": "extralarge",
                    "text": "https://lastfm-img2.akamaized.net/i/u/300x300/CENSORED.png"
                },
                {
                    "size": "mega",
                    "text": "https://lastfm-img2.akamaized.net/i/u/300x300/CENSORED.png"
                }
            ],
            "mbid": "CENSORED81d4",
            "name": "Jimi Hendrix",
            "url": "https://www.last.fm/music/Jimi+Hendrix"
        },
        {
            "image": [
                {
                    "size": "small",
                    "text": "https://lastfm-img2.akamaized.net/i/u/34s/CENSORED.png"
                },
                {
                    "size": "medium",
                    "text": "https://lastfm-img2.akamaized.net/i/u/64s/CENSORED.png"
                },
                {
                    "size": "large",
                    "text": "https://lastfm-img2.akamaized.net/i/u/174s/CENSORED.png"
                },
                {
                    "size": "extralarge",
                    "text": "https://lastfm-img2.akamaized.net/i/u/300x300/CENSORED.png"
                },
                {
                    "size": "mega",
                    "text": "https://lastfm-img2.akamaized.net/i/u/300x300/CENSORED.png"
                }
            ],
            "mbid": "CENSORED487a",
            "name": "Buckcherry",
            "url": "https://www.last.fm/music/Buckcherry"
        },
        {
            "image": [
                {
                    "size": "small",
                    "text": "https://lastfm-img2.akamaized.net/i/u/34s/CENSORED.png"
                },
                {
                    "size": "medium",
                    "text": "https://lastfm-img2.akamaized.net/i/u/64s/CENSORED.png"
                },
                {
                    "size": "large",
                    "text": "https://lastfm-img2.akamaized.net/i/u/174s/CENSORED.png"
                },
                {
                    "size": "extralarge",
                    "text": "https://lastfm-img2.akamaized.net/i/u/300x300/CENSORED.png"
                },
                {
                    "size": "mega",
                    "text": "https://lastfm-img2.akamaized.net/i/u/300x300/CENSORED.png"
                }
            ],
            "mbid": "CENSORED8e43",
            "name": "Guns N' Roses",
            "url": "https://www.last.fm/music/Guns+N%27+Roses"
        },
        {
            "image": [
                {
                    "size": "small",
                    "text": "https://lastfm-img2.akamaized.net/i/u/34s/CENSORED.png"
                },
                {
                    "size": "medium",
                    "text": "https://lastfm-img2.akamaized.net/i/u/64s/CENSORED.png"
                },
                {
                    "size": "large",
                    "text": "https://lastfm-img2.akamaized.net/i/u/174s/CENSORED.png"
                },
                {
                    "size": "extralarge",
                    "text": "https://lastfm-img2.akamaized.net/i/u/300x300/CENSORED.png"
                },
                {
                    "size": "mega",
                    "text": "https://lastfm-img2.akamaized.net/i/u/300x300/CENSORED.png"
                }
            ],
            "mbid": "CENSORED9b80",
            "name": "Rage Against the Machine",
            "url": "https://www.last.fm/music/Rage+Against+the+Machine"
        },
        {
            "image": [
                {
                    "size": "small",
                    "text": "https://lastfm-img2.akamaized.net/i/u/34s/CENSORED.png"
                },
                {
                    "size": "medium",
                    "text": "https://lastfm-img2.akamaized.net/i/u/64s/CENSORED.png"
                },
                {
                    "size": "large",
                    "text": "https://lastfm-img2.akamaized.net/i/u/174s/CENSORED.png"
                },
                {
                    "size": "extralarge",
                    "text": "https://lastfm-img2.akamaized.net/i/u/300x300/CENSORED.png"
                },
                {
                    "size": "mega",
                    "text": "https://lastfm-img2.akamaized.net/i/u/300x300/CENSORED.png"
                }
            ],
            "mbid": "CENSORED5c30",
            "name": "Red Hot Chili Peppers",
            "url": "https://www.last.fm/music/Red+Hot+Chili+Peppers"
        }
    ],
    "limit": 50,
    "page": 1,
    "tag": "rock",
    "total": 20,
    "user": "RJ"
}
