{
    "data": [
        {
            "mbid": "",
            "name": "Womb Sounds Heartbeat",
            "playcount": 35,
            "rank": 1,
            "url": "https://www.last.fm/music/Womb+Sounds+Heartbeat"
        },
        {
            "mbid": "CENSORED17e3",
            "name": "The Gaslight Anthem",
            "playcount": 10,
            "rank": 2,
            "url": "https://www.last.fm/music/The+Gaslight+Anthem"
        },
        {
            "mbid": "CENSORED40cb",
            "name": "Kacey Musgraves",
            "playcount": 3,
            "rank": 3,
            "url": "https://www.last.fm/music/Kacey+Musgraves"
        },
        {
            "mbid": "",
            "name": "Ferris & Sylvester",
            "playcount": 2,
            "rank": 4,
            "url": "https://www.last.fm/music/Ferris+&+Sylvester"
        },
        {
            "mbid": "CENSORED2cc7",
            "name": "Mario",
            "playcount": 2,
            "rank": 5,
            "url": "https://www.last.fm/music/Mario"
        },
        {
            "mbid": "CENSORED1fed",
            "name": "Nao",
            "playcount": 2,
            "rank": 6,
            "url": "https://www.last.fm/music/Nao"
        },
        {
            "mbid": "",
            "name": "Amber Mark",
            "playcount": 1,
            "rank": 7,
            "url": "https://www.last.fm/music/Amber+Mark"
        },
        {
            "mbid": "",
            "name": "Ar'mon & Trey",
            "playcount": 1,
            "rank": 8,
            "url": "https://www.last.fm/music/Ar%27mon+&+Trey"
        },
        {
            "mbid": "CENSORED299e",
            "name": "Aretha Franklin",
            "playcount": 1,
            "rank": 9,
            "url": "https://www.last.fm/music/Aretha+Franklin"
        },
        {
            "mbid": "CENSORED1726",
            "name": "Brian Deady",
            "playcount": 1,
            "rank": 10,
            "url": "https://www.last.fm/music/Brian+Deady"
        },
        {
            "mbid": "",
            "name": "Catherine McGrath",
            "playcount": 1,
            "rank": 11,
            "url": "https://www.last.fm/music/Catherine+McGrath"
        },
        {
            "mbid": "CENSORED607e",
            "name": "Childish Gambino",
            "playcount": 1,
            "rank": 12,
            "url": "https://www.last.fm/music/Childish+Gambino"
        },
        {
            "mbid": "",
            "name": "Dram",
            "playcount": 1,
            "rank": 13,
            "url": "https://www.last.fm/music/Dram"
        },
        {
            "mbid": "",
            "name": "Enno Aare",
            "playcount": 1,
            "rank": 14,
            "url": "https://www.last.fm/music/Enno+Aare"
        },
        {
            "mbid": "CENSORED0c76",
            "name": "Filmore",
            "playcount": 1,
            "rank": 15,
            "url": "https://www.last.fm/music/Filmore"
        },
        {
            "mbid": "CENSORED5b1a",
            "name": "Fleetwood Mac",
            "playcount": 1,
            "rank": 16,
            "url": "https://www.last.fm/music/Fleetwood+Mac"
        },
        {
            "mbid": "CENSORED65ed",
            "name": "Franz Schubert",
            "playcount": 1,
            "rank": 17,
            "url": "https://www.last.fm/music/Franz+Schubert"
        },
        {
            "mbid": "",
            "name": "Ilham",
            "playcount": 1,
            "rank": 18,
            "url": "https://www.last.fm/music/Ilham"
        },
        {
            "mbid": "CENSOREDefdd",
            "name": "India.Arie",
            "playcount": 1,
            "rank": 19,
            "url": "https://www.last.fm/music/India.Arie"
        },
        {
            "mbid": "",
            "name": "Into The Ark",
            "playcount": 1,
            "rank": 20,
            "url": "https://www.last.fm/music/Into+The+Ark"
        },
        {
            "mbid": "CENSORED05dd",
            "name": "Jackie Wilson",
            "playcount": 1,
            "rank": 21,
            "url": "https://www.last.fm/music/Jackie+Wilson"
        },
        {
            "mbid": "",
            "name": "JamesDavis",
            "playcount": 1,
            "rank": 22,
            "url": "https://www.last.fm/music/JamesDavis"
        },
        {
            "mbid": "",
            "name": "Kiana Led\u00e9",
            "playcount": 1,
            "rank": 23,
            "url": "https://www.last.fm/music/Kiana+Led%C3%A9"
        },
        {
            "mbid": "CENSORED684c",
            "name": "Kylie Minogue",
            "playcount": 1,
            "rank": 24,
            "url": "https://www.last.fm/music/Kylie+Minogue"
        },
        {
            "mbid": "CENSORED8446",
            "name": "Liza",
            "playcount": 1,
            "rank": 25,
            "url": "https://www.last.fm/music/Liza"
        },
        {
            "mbid": "CENSOREDb79f",
            "name": "Maddie & Tae",
            "playcount": 1,
            "rank": 26,
            "url": "https://www.last.fm/music/Maddie+&+Tae"
        },
        {
            "mbid": "",
            "name": "Major.",
            "playcount": 1,
            "rank": 27,
            "url": "https://www.last.fm/music/Major."
        },
        {
            "mbid": "CENSOREDd8aa",
            "name": "Marsha Ambrosius",
            "playcount": 1,
            "rank": 28,
            "url": "https://www.last.fm/music/Marsha+Ambrosius"
        },
        {
            "mbid": "",
            "name": "masego",
            "playcount": 1,
            "rank": 29,
            "url": "https://www.last.fm/music/masego"
        },
        {
            "mbid": "",
            "name": "Melat",
            "playcount": 1,
            "rank": 30,
            "url": "https://www.last.fm/music/Melat"
        },
        {
            "mbid": "CENSOREDfd5d",
            "name": "Nikki Blonsky",
            "playcount": 1,
            "rank": 31,
            "url": "https://www.last.fm/music/Nikki+Blonsky"
        },
        {
            "mbid": "",
            "name": "Njomza",
            "playcount": 1,
            "rank": 32,
            "url": "https://www.last.fm/music/Njomza"
        },
        {
            "mbid": "CENSOREDebb9",
            "name": "Paul Simon",
            "playcount": 1,
            "rank": 33,
            "url": "https://www.last.fm/music/Paul+Simon"
        },
        {
            "mbid": "",
            "name": "Queen Naija",
            "playcount": 1,
            "rank": 34,
            "url": "https://www.last.fm/music/Queen+Naija"
        },
        {
            "mbid": "",
            "name": "R.Lum.R",
            "playcount": 1,
            "rank": 35,
            "url": "https://www.last.fm/music/R.Lum.R"
        },
        {
            "mbid": "",
            "name": "Ro James",
            "playcount": 1,
            "rank": 36,
            "url": "https://www.last.fm/music/Ro+James"
        },
        {
            "mbid": "",
            "name": "Ryan Trey",
            "playcount": 1,
            "rank": 37,
            "url": "https://www.last.fm/music/Ryan+Trey"
        },
        {
            "mbid": "",
            "name": "Sat-B",
            "playcount": 1,
            "rank": 38,
            "url": "https://www.last.fm/music/Sat-B"
        },
        {
            "mbid": "CENSORED80b9",
            "name": "Sauti Sol",
            "playcount": 1,
            "rank": 39,
            "url": "https://www.last.fm/music/Sauti+Sol"
        },
        {
            "mbid": "CENSORED87d4",
            "name": "Shawn Stockman",
            "playcount": 1,
            "rank": 40,
            "url": "https://www.last.fm/music/Shawn+Stockman"
        },
        {
            "mbid": "CENSOREDe986",
            "name": "Stevie Wonder",
            "playcount": 1,
            "rank": 41,
            "url": "https://www.last.fm/music/Stevie+Wonder"
        },
        {
            "mbid": "",
            "name": "Summer Walker",
            "playcount": 1,
            "rank": 42,
            "url": "https://www.last.fm/music/Summer+Walker"
        },
        {
            "mbid": "CENSORED7396",
            "name": "Tamia",
            "playcount": 1,
            "rank": 43,
            "url": "https://www.last.fm/music/Tamia"
        },
        {
            "mbid": "",
            "name": "The Wandering Hearts",
            "playcount": 1,
            "rank": 44,
            "url": "https://www.last.fm/music/The+Wandering+Hearts"
        },
        {
            "mbid": "CENSOREDae52",
            "name": "The Wild Things",
            "playcount": 1,
            "rank": 45,
            "url": "https://www.last.fm/music/The+Wild+Things"
        },
        {
            "mbid": "CENSORED3559",
            "name": "Van Morrison",
            "playcount": 1,
            "rank": 46,
            "url": "https://www.last.fm/music/Van+Morrison"
        },
        {
            "mbid": "",
            "name": "Free Nationals",
            "playcount": 1,
            "rank": 47,
            "url": "https://www.last.fm/music/Free+Nationals"
        }
    ],
    "from_date": 1541160000,
    "to_date": 1541764800,
    "user": "RJ"
}
