{
    "artist": "Trivium",
    "data": [],
    "limit": 50,
    "page": 1,
    "total": 0,
    "user": "RJ"
}
