{
    "data": [
        {
            "artist": {
                "mbid": "CENSOREDc68e",
                "name": "Steve Winwood",
                "url": "https://www.last.fm/music/Steve+Winwood"
            },
            "duration": 0,
            "image": [
                {
                    "size": "small",
                    "text": "https://lastfm-img2.akamaized.net/i/u/34s/CENSORED.png"
                },
                {
                    "size": "medium",
                    "text": "https://lastfm-img2.akamaized.net/i/u/64s/CENSORED.png"
                },
                {
                    "size": "large",
                    "text": "https://lastfm-img2.akamaized.net/i/u/174s/CENSORED.png"
                },
                {
                    "size": "extralarge",
                    "text": "https://lastfm-img2.akamaized.net/i/u/300x300/CENSORED.png"
                }
            ],
            "mbid": "CENSOREDccc4",
            "name": "Arc Of A Diver",
            "url": "https://www.last.fm/music/Steve+Winwood/_/Arc+Of+A+Diver"
        },
        {
            "artist": {
                "mbid": "CENSORED7c15",
                "name": "Van Halen",
                "url": "https://www.last.fm/music/Van+Halen"
            },
            "duration": 0,
            "image": [
                {
                    "size": "small",
                    "text": "https://lastfm-img2.akamaized.net/i/u/34s/CENSORED.png"
                },
                {
                    "size": "medium",
                    "text": "https://lastfm-img2.akamaized.net/i/u/64s/CENSORED.png"
                },
                {
                    "size": "large",
                    "text": "https://lastfm-img2.akamaized.net/i/u/174s/CENSORED.png"
                },
                {
                    "size": "extralarge",
                    "text": "https://lastfm-img2.akamaized.net/i/u/300x300/CENSORED.png"
                }
            ],
            "mbid": "CENSORED11c8",
            "name": "Finish What Ya Started",
            "url": "https://www.last.fm/music/Van+Halen/_/Finish+What+Ya+Started"
        },
        {
            "artist": {
                "mbid": "CENSORED44bf",
                "name": "White Lion",
                "url": "https://www.last.fm/music/White+Lion"
            },
            "duration": 0,
            "image": [
                {
                    "size": "small",
                    "text": "https://lastfm-img2.akamaized.net/i/u/34s/CENSORED.png"
                },
                {
                    "size": "medium",
                    "text": "https://lastfm-img2.akamaized.net/i/u/64s/CENSORED.png"
                },
                {
                    "size": "large",
                    "text": "https://lastfm-img2.akamaized.net/i/u/174s/CENSORED.png"
                },
                {
                    "size": "extralarge",
                    "text": "https://lastfm-img2.akamaized.net/i/u/300x300/CENSORED.png"
                }
            ],
            "mbid": "CENSOREDcc78",
            "name": "Cry For Freedom",
            "url": "https://www.last.fm/music/White+Lion/_/Cry+For+Freedom"
        },
        {
            "artist": {
                "mbid": "CENSORED674a",
                "name": "Led Zeppelin",
                "url": "https://www.last.fm/music/Led+Zeppelin"
            },
            "duration": 0,
            "image": [
                {
                    "size": "small",
                    "text": "https://lastfm-img2.akamaized.net/i/u/34s/CENSORED.png"
                },
                {
                    "size": "medium",
                    "text": "https://lastfm-img2.akamaized.net/i/u/64s/CENSORED.png"
                },
                {
                    "size": "large",
                    "text": "https://lastfm-img2.akamaized.net/i/u/174s/CENSORED.png"
                },
                {
                    "size": "extralarge",
                    "text": "https://lastfm-img2.akamaized.net/i/u/300x300/CENSORED.png"
                }
            ],
            "mbid": "CENSORED189f",
            "name": "Good Times Bad Times",
            "url": "https://www.last.fm/music/Led+Zeppelin/_/Good+Times+Bad+Times"
        },
        {
            "artist": {
                "mbid": "CENSORED3ed1",
                "name": "AC/DC",
                "url": "https://www.last.fm/music/AC%2FDC"
            },
            "duration": 0,
            "image": [
                {
                    "size": "small",
                    "text": "https://lastfm-img2.akamaized.net/i/u/34s/CENSORED.png"
                },
                {
                    "size": "medium",
                    "text": "https://lastfm-img2.akamaized.net/i/u/64s/CENSORED.png"
                },
                {
                    "size": "large",
                    "text": "https://lastfm-img2.akamaized.net/i/u/174s/CENSORED.png"
                },
                {
                    "size": "extralarge",
                    "text": "https://lastfm-img2.akamaized.net/i/u/300x300/CENSORED.png"
                }
            ],
            "mbid": "CENSOREDb286",
            "name": "Hells Bells",
            "url": "https://www.last.fm/music/AC%2FDC/_/Hells+Bells"
        }
    ],
    "limit": 50,
    "page": 1,
    "tag": "rock",
    "total": 5,
    "user": "RJ"
}
