{
    "data": [],
    "limit": 50,
    "page": 1,
    "tag": "hell",
    "total": 0,
    "user": "Zaratoustre"
}
