{
    "age": 0,
    "country": "United Kingdom",
    "gender": "n",
    "image": [
        {
            "size": "small",
            "text": "https://lastfm-img2.akamaized.net/i/u/34s/CENSORED.png"
        },
        {
            "size": "medium",
            "text": "https://lastfm-img2.akamaized.net/i/u/64s/CENSORED.png"
        },
        {
            "size": "large",
            "text": "https://lastfm-img2.akamaized.net/i/u/174s/CENSORED.png"
        },
        {
            "size": "extralarge",
            "text": "https://lastfm-img2.akamaized.net/i/u/300x300/CENSORED.png"
        }
    ],
    "name": "RJ",
    "playcount": 128549,
    "playlists": 0,
    "real_name": "Richard Jones ",
    "registered": 1037793040,
    "url": "https://www.last.fm/user/RJ"
}
