{
    "data": [
        {
            "count": 20,
            "name": "rock",
            "url": "https://www.last.fm/tag/rock"
        },
        {
            "count": 17,
            "name": "jazz",
            "url": "https://www.last.fm/tag/jazz"
        },
        {
            "count": 10,
            "name": "metal",
            "url": "https://www.last.fm/tag/metal"
        },
        {
            "count": 8,
            "name": "soul",
            "url": "https://www.last.fm/tag/soul"
        },
        {
            "count": 8,
            "name": "female vocalists",
            "url": "https://www.last.fm/tag/female+vocalists"
        },
        {
            "count": 7,
            "name": "80s",
            "url": "https://www.last.fm/tag/80s"
        },
        {
            "count": 7,
            "name": "funk",
            "url": "https://www.last.fm/tag/funk"
        },
        {
            "count": 7,
            "name": "guitar",
            "url": "https://www.last.fm/tag/guitar"
        },
        {
            "count": 7,
            "name": "Mellow",
            "url": "https://www.last.fm/tag/Mellow"
        },
        {
            "count": 5,
            "name": "singer-songwriter",
            "url": "https://www.last.fm/tag/singer-songwriter"
        },
        {
            "count": 5,
            "name": "acoustic",
            "url": "https://www.last.fm/tag/acoustic"
        },
        {
            "count": 5,
            "name": "blues",
            "url": "https://www.last.fm/tag/blues"
        },
        {
            "count": 5,
            "name": "funky",
            "url": "https://www.last.fm/tag/funky"
        },
        {
            "count": 5,
            "name": "checkitout",
            "url": "https://www.last.fm/tag/checkitout"
        },
        {
            "count": 4,
            "name": "Stoner Rock",
            "url": "https://www.last.fm/tag/Stoner+Rock"
        },
        {
            "count": 3,
            "name": "Hip-Hop",
            "url": "https://www.last.fm/tag/Hip-Hop"
        },
        {
            "count": 3,
            "name": "chillout",
            "url": "https://www.last.fm/tag/chillout"
        },
        {
            "count": 3,
            "name": "electronic",
            "url": "https://www.last.fm/tag/electronic"
        },
        {
            "count": 3,
            "name": "drone rock",
            "url": "https://www.last.fm/tag/drone+rock"
        },
        {
            "count": 2,
            "name": "classic rock",
            "url": "https://www.last.fm/tag/classic+rock"
        },
        {
            "count": 2,
            "name": "country",
            "url": "https://www.last.fm/tag/country"
        },
        {
            "count": 2,
            "name": "instrumental",
            "url": "https://www.last.fm/tag/instrumental"
        },
        {
            "count": 2,
            "name": "folk",
            "url": "https://www.last.fm/tag/folk"
        },
        {
            "count": 2,
            "name": "experimental",
            "url": "https://www.last.fm/tag/experimental"
        },
        {
            "count": 2,
            "name": "dance",
            "url": "https://www.last.fm/tag/dance"
        },
        {
            "count": 2,
            "name": "easy listening",
            "url": "https://www.last.fm/tag/easy+listening"
        },
        {
            "count": 2,
            "name": "psychedelic",
            "url": "https://www.last.fm/tag/psychedelic"
        },
        {
            "count": 2,
            "name": "bass",
            "url": "https://www.last.fm/tag/bass"
        },
        {
            "count": 2,
            "name": "covers",
            "url": "https://www.last.fm/tag/covers"
        },
        {
            "count": 2,
            "name": "Smooth Jazz",
            "url": "https://www.last.fm/tag/Smooth+Jazz"
        },
        {
            "count": 2,
            "name": "vacuum tube",
            "url": "https://www.last.fm/tag/vacuum+tube"
        },
        {
            "count": 2,
            "name": "melodic rock",
            "url": "https://www.last.fm/tag/melodic+rock"
        },
        {
            "count": 2,
            "name": "futurejam",
            "url": "https://www.last.fm/tag/futurejam"
        },
        {
            "count": 1,
            "name": "Disco",
            "url": "https://www.last.fm/tag/Disco"
        },
        {
            "count": 1,
            "name": "indie",
            "url": "https://www.last.fm/tag/indie"
        },
        {
            "count": 1,
            "name": "pop",
            "url": "https://www.last.fm/tag/pop"
        },
        {
            "count": 1,
            "name": "japanese",
            "url": "https://www.last.fm/tag/japanese"
        },
        {
            "count": 1,
            "name": "reggae",
            "url": "https://www.last.fm/tag/reggae"
        },
        {
            "count": 1,
            "name": "heavy",
            "url": "https://www.last.fm/tag/heavy"
        },
        {
            "count": 1,
            "name": "ambient",
            "url": "https://www.last.fm/tag/ambient"
        },
        {
            "count": 1,
            "name": "hard rock",
            "url": "https://www.last.fm/tag/hard+rock"
        },
        {
            "count": 1,
            "name": "downtempo",
            "url": "https://www.last.fm/tag/downtempo"
        },
        {
            "count": 1,
            "name": "Progressive rock",
            "url": "https://www.last.fm/tag/Progressive+rock"
        },
        {
            "count": 1,
            "name": "electro",
            "url": "https://www.last.fm/tag/electro"
        },
        {
            "count": 1,
            "name": "slow",
            "url": "https://www.last.fm/tag/slow"
        },
        {
            "count": 1,
            "name": "new wave",
            "url": "https://www.last.fm/tag/new+wave"
        },
        {
            "count": 1,
            "name": "britpop",
            "url": "https://www.last.fm/tag/britpop"
        },
        {
            "count": 1,
            "name": "hair metal",
            "url": "https://www.last.fm/tag/hair+metal"
        },
        {
            "count": 1,
            "name": "soft rock",
            "url": "https://www.last.fm/tag/soft+rock"
        },
        {
            "count": 1,
            "name": "romantic",
            "url": "https://www.last.fm/tag/romantic"
        }
    ],
    "user": "RJ"
}
