{
    "bio": {
        "content": " Guns N' Roses sono un gruppo hard & heavy statunitense, formatosi a Los Angeles nel 1985.\nCon 150 milioni di dischi venduti, di cui 65,5 milioni nei soli Stati Uniti d'America, sono annoverati tra i musicisti di maggior successo nella storia del rock. Lo stile sonoro, l'immagine trasgressiva e le costanti performance dal vivo, li aiutarono ad occupare un posto di prestigio nella scena musicale tra gli anni ottanta e novanta.\nA partire dal 1993 il gruppo ha conosciuto problemi e silenzi, a causa di contrasti tra il vocalist Axl Rose (ritenuto il leader carismatico della band) e i vari membri originari. Rose, che scrive anche la maggior parte dei testi, \u00e8 attualmente l'unico membro rimasto della formazione originale.\nLa band \u00e8 stata anche inserita al 92\u00ba posto, nella classifica dei 100 artisti immortali secondo la rivista Rolling Stone.\nIl gruppo fu fondato nel marzo del 1985 da Axl Rose, Tracii Guns, Izzy Stradlin, Ole Beich e Rob Gardner. I cinque componenti originari provenivano da due gruppi, gli L.A. Guns (che si riformarono successivamente) e gli Hollywood Rose. Successivamente i membri decisero di unire i nomi dei precedenti gruppi e chiamare il gruppo \"Guns N' Roses\". Dagli Hollywood Rose provenivano Axl Rose (Voce) ed Izzy Stradlin (Chitarra ritmica), mentre dagli L.A. Guns provenivano Tracii Guns (Chitarra solista), Ole Beich (Basso) e Rob Gardner (Batteria). Il gruppo si esib\u00ec per la prima volta il 26 marzo 1985.\nOle Beich, originariamente negli L.A. Guns, lasci\u00f2 subito il gruppo per poi essere sostituito da Duff McKagan, che esord\u00ec insieme agli altri membri della band l'11 aprile di quello stesso anno, al locale \"Radio City\" ad Anaheim in California. Poco dopo anche il chitarrista Tracii Guns abbandon\u00f2 il gruppo, a causa di divergenze con Rose, e riform\u00f2 gli L.A. Guns. Al suo posto entr\u00f2 Saul Hudson, in arte Slash, che aveva avuto precedenti esperienze in alcune band tra cui London, Black Sheep e aveva suonato negli stessi Hollywood Rose insieme a Rose e Stradlin.\nQualche mese dopo annunci\u00f2 la dipartita anche Rob Gardner. Come racconta Slash nella sua biografia, i 4 restanti chiamarono l'unico batterista che sarebbe partito in tour con loro anche la sera stessa; Steven Adler, che proveniva come McKagan e Slash dai Road Crew. La band raggiunse cos\u00ec l'assetto che l'avrebbe portata al successo.\nDopo un difficile tour lungo la strada per Seattle (Washington) ed altre due date nell'Oregon, i Guns tornarono a Los Angeles stabilendosi in un piccolo magazzino ribattezzato \"Hellhouse\", suonando, svolgendo lavori occasionali e continuando i concerti nella zona. Come altri gruppi che suonavano nell'area di Hollywood, i Guns furono tra i primi a diffondere lo stile sleaze metal.\nTom Zutaut della Geffen Records, stupito dalla loro esibizione al \"Troubadour\", diffuse in giro la falsa notizia che \"facessero schifo\" per avere pi\u00f9 tempo e mezzi per scritturarli. La band ricevette cos\u00ec un anticipo di 75 000 dollari dal manager, il quale per\u00f2 scopr\u00ec che Axl aveva gi\u00e0 promesso di firmare un contratto con l'etichetta concorrente Chrysalis, a patto che l'agente che l'aveva contattato \"avesse camminato nuda per Sunset Boulevard\". Zutaut dovette rimanere alla finestra del suo ufficio sul Sunset, a guardare nervosamente la strada, per ben tre giorni prima di riuscire a chiudere l'accordo con il gruppo. Il loro primo manager divenne Alan Niven, che poi li avrebbe aiutati ad incidere Appetite for Destruction.\nGrazie a questo contratto, i Guns autoprodussero nel 1986 l'EP Live ?!*@ Like a Suicide, sotto l'etichetta UZI Suicide, creata ad hoc dalla Geffen ma non ufficialmente riconosciuta. Circolato in sole 10.000 copie, Live ?!*@ Like a Suicide aveva l'aspetto e le sonorit\u00e0 di un album live, ma in realt\u00e0 era stato registrato in studio. Lo scopo dell' EP era quello di attirare attenzione sulla Band, che era alla ricerca di un produttore. <a href=\"https://www.last.fm/music/Guns+N%27+Roses\">Read more on Last.fm</a>. User-contributed text is available under the Creative Commons By-SA License; additional terms may apply.",
        "links": [
            {
                "href": "https://last.fm/music/Guns+N%27+Roses/+wiki",
                "rel": "original",
                "text": ""
            }
        ],
        "published": "29 Dec 2006, 18:51",
        "summary": " Guns N' Roses sono un gruppo hard & heavy statunitense, formatosi a Los Angeles nel 1985.\nCon 150 milioni di dischi venduti, di cui 65,5 milioni nei soli Stati Uniti d'America, sono annoverati tra i musicisti di maggior successo nella storia del rock. Lo stile sonoro, l'immagine trasgressiva e le costanti performance dal vivo, li aiutarono ad occupare un posto di prestigio nella scena musicale tra gli anni ottanta e novanta.\nA partire dal 1993 il gruppo ha conosciuto problemi e silenzi <a href=\"https://www.last.fm/music/Guns+N%27+Roses\">Read more on Last.fm</a>"
    },
    "image": [
        {
            "size": "small",
            "text": "https://lastfm-img2.akamaized.net/i/u/34s/CENSORED.png"
        },
        {
            "size": "medium",
            "text": "https://lastfm-img2.akamaized.net/i/u/64s/CENSORED.png"
        },
        {
            "size": "large",
            "text": "https://lastfm-img2.akamaized.net/i/u/174s/CENSORED.png"
        },
        {
            "size": "extralarge",
            "text": "https://lastfm-img2.akamaized.net/i/u/300x300/CENSORED.png"
        },
        {
            "size": "mega",
            "text": "https://lastfm-img2.akamaized.net/i/u/300x300/CENSORED.png"
        },
        {
            "size": "",
            "text": "https://lastfm-img2.akamaized.net/i/u/300x300/CENSORED.png"
        }
    ],
    "listeners": 3211614,
    "mbid": "CENSORED8e43",
    "name": "Guns N' Roses",
    "on_tour": false,
    "playcount": 114883907,
    "similar": [
        {
            "image": [
                {
                    "size": "small",
                    "text": "https://lastfm-img2.akamaized.net/i/u/34s/CENSORED.png"
                },
                {
                    "size": "medium",
                    "text": "https://lastfm-img2.akamaized.net/i/u/64s/CENSORED.png"
                },
                {
                    "size": "large",
                    "text": "https://lastfm-img2.akamaized.net/i/u/174s/CENSORED.png"
                },
                {
                    "size": "extralarge",
                    "text": "https://lastfm-img2.akamaized.net/i/u/300x300/CENSORED.png"
                },
                {
                    "size": "mega",
                    "text": "https://lastfm-img2.akamaized.net/i/u/300x300/CENSORED.png"
                },
                {
                    "size": "",
                    "text": "https://lastfm-img2.akamaized.net/i/u/300x300/CENSORED.png"
                }
            ],
            "name": "Slash",
            "url": "https://www.last.fm/music/Slash"
        },
        {
            "image": [
                {
                    "size": "small",
                    "text": "https://lastfm-img2.akamaized.net/i/u/34s/CENSORED.png"
                },
                {
                    "size": "medium",
                    "text": "https://lastfm-img2.akamaized.net/i/u/64s/CENSORED.png"
                },
                {
                    "size": "large",
                    "text": "https://lastfm-img2.akamaized.net/i/u/174s/CENSORED.png"
                },
                {
                    "size": "extralarge",
                    "text": "https://lastfm-img2.akamaized.net/i/u/300x300/CENSORED.png"
                },
                {
                    "size": "mega",
                    "text": "https://lastfm-img2.akamaized.net/i/u/300x300/CENSORED.png"
                },
                {
                    "size": "",
                    "text": "https://lastfm-img2.akamaized.net/i/u/300x300/CENSORED.png"
                }
            ],
            "name": "Aerosmith",
            "url": "https://www.last.fm/music/Aerosmith"
        },
        {
            "image": [
                {
                    "size": "small",
                    "text": "https://lastfm-img2.akamaized.net/i/u/34s/CENSORED.png"
                },
                {
                    "size": "medium",
                    "text": "https://lastfm-img2.akamaized.net/i/u/64s/CENSORED.png"
                },
                {
                    "size": "large",
                    "text": "https://lastfm-img2.akamaized.net/i/u/174s/CENSORED.png"
                },
                {
                    "size": "extralarge",
                    "text": "https://lastfm-img2.akamaized.net/i/u/300x300/CENSORED.png"
                },
                {
                    "size": "mega",
                    "text": "https://lastfm-img2.akamaized.net/i/u/300x300/CENSORED.png"
                },
                {
                    "size": "",
                    "text": "https://lastfm-img2.akamaized.net/i/u/300x300/CENSORED.png"
                }
            ],
            "name": "M\u00f6tley Cr\u00fce",
            "url": "https://www.last.fm/music/M%C3%B6tley+Cr%C3%BCe"
        },
        {
            "image": [
                {
                    "size": "small",
                    "text": "https://lastfm-img2.akamaized.net/i/u/34s/CENSORED.png"
                },
                {
                    "size": "medium",
                    "text": "https://lastfm-img2.akamaized.net/i/u/64s/CENSORED.png"
                },
                {
                    "size": "large",
                    "text": "https://lastfm-img2.akamaized.net/i/u/174s/CENSORED.png"
                },
                {
                    "size": "extralarge",
                    "text": "https://lastfm-img2.akamaized.net/i/u/300x300/CENSORED.png"
                },
                {
                    "size": "mega",
                    "text": "https://lastfm-img2.akamaized.net/i/u/300x300/CENSORED.png"
                },
                {
                    "size": "",
                    "text": "https://lastfm-img2.akamaized.net/i/u/300x300/CENSORED.png"
                }
            ],
            "name": "Slash's Snakepit",
            "url": "https://www.last.fm/music/Slash%27s+Snakepit"
        },
        {
            "image": [
                {
                    "size": "small",
                    "text": "https://lastfm-img2.akamaized.net/i/u/34s/CENSORED.png"
                },
                {
                    "size": "medium",
                    "text": "https://lastfm-img2.akamaized.net/i/u/64s/CENSORED.png"
                },
                {
                    "size": "large",
                    "text": "https://lastfm-img2.akamaized.net/i/u/174s/CENSORED.png"
                },
                {
                    "size": "extralarge",
                    "text": "https://lastfm-img2.akamaized.net/i/u/300x300/CENSORED.png"
                },
                {
                    "size": "mega",
                    "text": "https://lastfm-img2.akamaized.net/i/u/300x300/CENSORED.png"
                },
                {
                    "size": "",
                    "text": "https://lastfm-img2.akamaized.net/i/u/300x300/CENSORED.png"
                }
            ],
            "name": "Velvet Revolver",
            "url": "https://www.last.fm/music/Velvet+Revolver"
        }
    ],
    "tags": [
        {
            "name": "hard rock",
            "url": "https://www.last.fm/tag/hard+rock"
        },
        {
            "name": "rock",
            "url": "https://www.last.fm/tag/rock"
        },
        {
            "name": "classic rock",
            "url": "https://www.last.fm/tag/classic+rock"
        },
        {
            "name": "80s",
            "url": "https://www.last.fm/tag/80s"
        },
        {
            "name": "metal",
            "url": "https://www.last.fm/tag/metal"
        }
    ],
    "url": "https://www.last.fm/music/Guns+N%27+Roses",
    "userplaycount": 194
}
