{
    "mbid": "CENSORED8e43",
    "name": "Guns N' Roses",
    "url": "https://www.last.fm/music/Guns+N%27+Roses"
}
