{
    "artist": "Guns N' Roses",
    "data": [
        {
            "name": "bar",
            "url": "https://www.last.fm/tag/bar"
        },
        {
            "name": "foo",
            "url": "https://www.last.fm/tag/foo"
        }
    ]
}
