{
    "data": [
        {
            "image": [
                {
                    "size": "small",
                    "text": "https://lastfm-img2.akamaized.net/i/u/34s/CENSORED.png"
                },
                {
                    "size": "medium",
                    "text": "https://lastfm-img2.akamaized.net/i/u/64s/CENSORED.png"
                },
                {
                    "size": "large",
                    "text": "https://lastfm-img2.akamaized.net/i/u/174s/CENSORED.png"
                },
                {
                    "size": "extralarge",
                    "text": "https://lastfm-img2.akamaized.net/i/u/300x300/CENSORED.png"
                },
                {
                    "size": "mega",
                    "text": "https://lastfm-img2.akamaized.net/i/u/300x300/CENSORED.png"
                }
            ],
            "mbid": "CENSORED13d4",
            "name": "Eminem",
            "rank": 1,
            "url": "https://www.last.fm/music/Eminem"
        },
        {
            "image": [
                {
                    "size": "small",
                    "text": "https://lastfm-img2.akamaized.net/i/u/34s/CENSORED.png"
                },
                {
                    "size": "medium",
                    "text": "https://lastfm-img2.akamaized.net/i/u/64s/CENSORED.png"
                },
                {
                    "size": "large",
                    "text": "https://lastfm-img2.akamaized.net/i/u/174s/CENSORED.png"
                },
                {
                    "size": "extralarge",
                    "text": "https://lastfm-img2.akamaized.net/i/u/300x300/CENSORED.png"
                },
                {
                    "size": "mega",
                    "text": "https://lastfm-img2.akamaized.net/i/u/300x300/CENSORED.png"
                }
            ],
            "name": "Lil' Wayne",
            "rank": 2,
            "url": "https://www.last.fm/music/Lil%27+Wayne"
        }
    ],
    "limit": 2,
    "page": 1,
    "tag": "rap",
    "total": 61526
}
