{
    "data": [
        {
            "artist": {
                "mbid": "CENSORED1051",
                "name": "Kanye West",
                "url": "https://www.last.fm/music/Kanye+West"
            },
            "duration": 314,
            "image": [
                {
                    "size": "small",
                    "text": "https://lastfm-img2.akamaized.net/i/u/34s/CENSORED.png"
                },
                {
                    "size": "medium",
                    "text": "https://lastfm-img2.akamaized.net/i/u/64s/CENSORED.png"
                },
                {
                    "size": "large",
                    "text": "https://lastfm-img2.akamaized.net/i/u/174s/CENSORED.png"
                },
                {
                    "size": "extralarge",
                    "text": "https://lastfm-img2.akamaized.net/i/u/300x300/CENSORED.png"
                }
            ],
            "mbid": "CENSOREDaf2d",
            "name": "Stronger",
            "rank": 1,
            "url": "https://www.last.fm/music/Kanye+West/_/Stronger"
        },
        {
            "artist": {
                "mbid": "CENSORED2596",
                "name": "Gorillaz",
                "url": "https://www.last.fm/music/Gorillaz"
            },
            "duration": 339,
            "image": [
                {
                    "size": "small",
                    "text": "https://lastfm-img2.akamaized.net/i/u/34s/CENSORED.png"
                },
                {
                    "size": "medium",
                    "text": "https://lastfm-img2.akamaized.net/i/u/64s/CENSORED.png"
                },
                {
                    "size": "large",
                    "text": "https://lastfm-img2.akamaized.net/i/u/174s/CENSORED.png"
                },
                {
                    "size": "extralarge",
                    "text": "https://lastfm-img2.akamaized.net/i/u/300x300/CENSORED.png"
                }
            ],
            "mbid": "CENSORED47e3",
            "name": "Clint Eastwood",
            "rank": 2,
            "url": "https://www.last.fm/music/Gorillaz/_/Clint+Eastwood"
        }
    ],
    "limit": 2,
    "page": 1,
    "tag": "rap",
    "total": 104399
}
