{
    "data": [
        {
            "count": 808560,
            "name": "black metal",
            "reach": 60919
        },
        {
            "count": 789981,
            "name": "dance",
            "reach": 131041
        },
        {
            "count": 768919,
            "name": "80s",
            "reach": 99629
        },
        {
            "count": 705995,
            "name": "Progressive rock",
            "reach": 94830
        },
        {
            "count": 696989,
            "name": "death metal",
            "reach": 70446
        },
        {
            "count": 679448,
            "name": "hardcore",
            "reach": 96344
        },
        {
            "count": 679004,
            "name": "british",
            "reach": 92377
        },
        {
            "count": 676538,
            "name": "heavy metal",
            "reach": 89132
        },
        {
            "count": 659170,
            "name": "soul",
            "reach": 99192
        },
        {
            "count": 642670,
            "name": "chillout",
            "reach": 102845
        }
    ],
    "limit": 10,
    "page": 2,
    "total": 2693772
}
