{
    "artist": {
        "name": "Mumford & Sons"
    },
    "image": [
        {
            "size": "small",
            "text": "https://lastfm-img2.akamaized.net/i/u/34s/CENSORED.png"
        },
        {
            "size": "medium",
            "text": "https://lastfm-img2.akamaized.net/i/u/64s/CENSORED.png"
        },
        {
            "size": "large",
            "text": "https://lastfm-img2.akamaized.net/i/u/174s/CENSORED.png"
        },
        {
            "size": "extralarge",
            "text": "https://lastfm-img2.akamaized.net/i/u/300x300/CENSORED.png"
        },
        {
            "size": "mega",
            "text": "https://lastfm-img2.akamaized.net/i/u/300x300/CENSORED.png"
        },
        {
            "size": "",
            "text": "https://lastfm-img2.akamaized.net/i/u/300x300/CENSORED.png"
        }
    ],
    "listeners": 30447,
    "name": "Delta",
    "playcount": 471255,
    "tags": [
        {
            "name": "2018",
            "url": "https://www.last.fm/tag/2018"
        },
        {
            "name": "experimental",
            "url": "https://www.last.fm/tag/experimental"
        },
        {
            "name": "atmospheric",
            "url": "https://www.last.fm/tag/atmospheric"
        }
    ],
    "tracks": [
        {
            "artist": {
                "mbid": "CENSORED46d6",
                "name": "Mumford & Sons",
                "url": "https://www.last.fm/music/Mumford+&+Sons"
            },
            "duration": 240,
            "name": "42",
            "rank": 1,
            "url": "https://www.last.fm/music/Mumford+&+Sons/_/42"
        },
        {
            "artist": {
                "mbid": "CENSORED46d6",
                "name": "Mumford & Sons",
                "url": "https://www.last.fm/music/Mumford+&+Sons"
            },
            "duration": 162,
            "name": "Guiding Light",
            "rank": 2,
            "url": "https://www.last.fm/music/Mumford+&+Sons/_/Guiding+Light"
        },
        {
            "artist": {
                "mbid": "CENSORED46d6",
                "name": "Mumford & Sons",
                "url": "https://www.last.fm/music/Mumford+&+Sons"
            },
            "duration": 274,
            "name": "Woman",
            "rank": 3,
            "url": "https://www.last.fm/music/Mumford+&+Sons/_/Woman"
        },
        {
            "artist": {
                "mbid": "CENSORED46d6",
                "name": "Mumford & Sons",
                "url": "https://www.last.fm/music/Mumford+&+Sons"
            },
            "duration": 265,
            "name": "Beloved",
            "rank": 4,
            "url": "https://www.last.fm/music/Mumford+&+Sons/_/Beloved"
        },
        {
            "artist": {
                "mbid": "CENSORED46d6",
                "name": "Mumford & Sons",
                "url": "https://www.last.fm/music/Mumford+&+Sons"
            },
            "duration": 331,
            "name": "The Wild",
            "rank": 5,
            "url": "https://www.last.fm/music/Mumford+&+Sons/_/The+Wild"
        },
        {
            "artist": {
                "mbid": "CENSORED46d6",
                "name": "Mumford & Sons",
                "url": "https://www.last.fm/music/Mumford+&+Sons"
            },
            "duration": 223,
            "name": "October Skies",
            "rank": 6,
            "url": "https://www.last.fm/music/Mumford+&+Sons/_/October+Skies"
        },
        {
            "artist": {
                "mbid": "CENSORED46d6",
                "name": "Mumford & Sons",
                "url": "https://www.last.fm/music/Mumford+&+Sons"
            },
            "duration": 295,
            "name": "Slip Away",
            "rank": 7,
            "url": "https://www.last.fm/music/Mumford+&+Sons/_/Slip+Away"
        },
        {
            "artist": {
                "mbid": "CENSORED46d6",
                "name": "Mumford & Sons",
                "url": "https://www.last.fm/music/Mumford+&+Sons"
            },
            "duration": 203,
            "name": "Rose of Sharon",
            "rank": 8,
            "url": "https://www.last.fm/music/Mumford+&+Sons/_/Rose+of+Sharon"
        },
        {
            "artist": {
                "mbid": "CENSORED46d6",
                "name": "Mumford & Sons",
                "url": "https://www.last.fm/music/Mumford+&+Sons"
            },
            "duration": 243,
            "name": "Picture You",
            "rank": 9,
            "url": "https://www.last.fm/music/Mumford+&+Sons/_/Picture+You"
        },
        {
            "artist": {
                "mbid": "CENSORED46d6",
                "name": "Mumford & Sons",
                "url": "https://www.last.fm/music/Mumford+&+Sons"
            },
            "duration": 191,
            "name": "Darkness Visible",
            "rank": 10,
            "url": "https://www.last.fm/music/Mumford+&+Sons/_/Darkness+Visible"
        },
        {
            "artist": {
                "mbid": "CENSORED46d6",
                "name": "Mumford & Sons",
                "url": "https://www.last.fm/music/Mumford+&+Sons"
            },
            "duration": 269,
            "name": "If I Say",
            "rank": 11,
            "url": "https://www.last.fm/music/Mumford+&+Sons/_/If+I+Say"
        },
        {
            "artist": {
                "mbid": "CENSORED46d6",
                "name": "Mumford & Sons",
                "url": "https://www.last.fm/music/Mumford+&+Sons"
            },
            "duration": 305,
            "name": "Wild Heart",
            "rank": 12,
            "url": "https://www.last.fm/music/Mumford+&+Sons/_/Wild+Heart"
        },
        {
            "artist": {
                "mbid": "CENSORED46d6",
                "name": "Mumford & Sons",
                "url": "https://www.last.fm/music/Mumford+&+Sons"
            },
            "duration": 276,
            "name": "Forever",
            "rank": 13,
            "url": "https://www.last.fm/music/Mumford+&+Sons/_/Forever"
        },
        {
            "artist": {
                "mbid": "CENSORED46d6",
                "name": "Mumford & Sons",
                "url": "https://www.last.fm/music/Mumford+&+Sons"
            },
            "duration": 376,
            "name": "Delta",
            "rank": 14,
            "url": "https://www.last.fm/music/Mumford+&+Sons/_/Delta"
        }
    ],
    "url": "https://www.last.fm/music/Mumford+&+Sons/Delta"
}
