{
    "album": "A Night at the Opera",
    "artist": "Queen",
    "data": [
        {
            "name": "bar",
            "url": "https://www.last.fm/tag/bar"
        },
        {
            "name": "foo",
            "url": "https://www.last.fm/tag/foo"
        }
    ]
}
