{
    "album": "A Night at the Opera",
    "artist": "Queen",
    "data": [
        {
            "count": 100,
            "name": "classic rock",
            "url": "https://www.last.fm/tag/classic+rock"
        },
        {
            "count": 81,
            "name": "albums I own",
            "url": "https://www.last.fm/tag/albums+I+own"
        },
        {
            "count": 79,
            "name": "rock",
            "url": "https://www.last.fm/tag/rock"
        },
        {
            "count": 72,
            "name": "70s",
            "url": "https://www.last.fm/tag/70s"
        },
        {
            "count": 55,
            "name": "hard rock",
            "url": "https://www.last.fm/tag/hard+rock"
        },
        {
            "count": 47,
            "name": "1975",
            "url": "https://www.last.fm/tag/1975"
        },
        {
            "count": 41,
            "name": "Queen",
            "url": "https://www.last.fm/tag/Queen"
        },
        {
            "count": 27,
            "name": "Progressive rock",
            "url": "https://www.last.fm/tag/Progressive+rock"
        },
        {
            "count": 23,
            "name": "glam rock",
            "url": "https://www.last.fm/tag/glam+rock"
        },
        {
            "count": 20,
            "name": "favorite albums",
            "url": "https://www.last.fm/tag/favorite+albums"
        },
        {
            "count": 20,
            "name": "favourite albums",
            "url": "https://www.last.fm/tag/favourite+albums"
        },
        {
            "count": 10,
            "name": "british",
            "url": "https://www.last.fm/tag/british"
        },
        {
            "count": 10,
            "name": "Masterpiece",
            "url": "https://www.last.fm/tag/Masterpiece"
        },
        {
            "count": 10,
            "name": "1001 Albums You Must Hear Before You Die",
            "url": "https://www.last.fm/tag/1001+Albums+You+Must+Hear+Before+You+Die"
        },
        {
            "count": 9,
            "name": "art rock",
            "url": "https://www.last.fm/tag/art+rock"
        },
        {
            "count": 8,
            "name": "heavy metal",
            "url": "https://www.last.fm/tag/heavy+metal"
        },
        {
            "count": 8,
            "name": "rock opera",
            "url": "https://www.last.fm/tag/rock+opera"
        },
        {
            "count": 7,
            "name": "classic",
            "url": "https://www.last.fm/tag/classic"
        },
        {
            "count": 7,
            "name": "80s",
            "url": "https://www.last.fm/tag/80s"
        },
        {
            "count": 7,
            "name": "pop rock",
            "url": "https://www.last.fm/tag/pop+rock"
        },
        {
            "count": 7,
            "name": "classic albums",
            "url": "https://www.last.fm/tag/classic+albums"
        },
        {
            "count": 6,
            "name": "metal",
            "url": "https://www.last.fm/tag/metal"
        },
        {
            "count": 5,
            "name": "experimental",
            "url": "https://www.last.fm/tag/experimental"
        },
        {
            "count": 5,
            "name": "melodic rock",
            "url": "https://www.last.fm/tag/melodic+rock"
        },
        {
            "count": 5,
            "name": "albums i own on vinyl",
            "url": "https://www.last.fm/tag/albums+i+own+on+vinyl"
        },
        {
            "count": 5,
            "name": "A Night at the Opera",
            "url": "https://www.last.fm/tag/A+Night+at+the+Opera"
        },
        {
            "count": 4,
            "name": "opera",
            "url": "https://www.last.fm/tag/opera"
        },
        {
            "count": 4,
            "name": "pop",
            "url": "https://www.last.fm/tag/pop"
        },
        {
            "count": 4,
            "name": "Awesome",
            "url": "https://www.last.fm/tag/Awesome"
        },
        {
            "count": 4,
            "name": "Recommended",
            "url": "https://www.last.fm/tag/Recommended"
        },
        {
            "count": 4,
            "name": "prog rock",
            "url": "https://www.last.fm/tag/prog+rock"
        },
        {
            "count": 4,
            "name": "freddie mercury",
            "url": "https://www.last.fm/tag/freddie+mercury"
        },
        {
            "count": 4,
            "name": "brian may",
            "url": "https://www.last.fm/tag/brian+may"
        },
        {
            "count": 4,
            "name": "roger taylor",
            "url": "https://www.last.fm/tag/roger+taylor"
        },
        {
            "count": 3,
            "name": "prog",
            "url": "https://www.last.fm/tag/prog"
        },
        {
            "count": 3,
            "name": "album rock",
            "url": "https://www.last.fm/tag/album+rock"
        },
        {
            "count": 3,
            "name": "arena rock",
            "url": "https://www.last.fm/tag/arena+rock"
        },
        {
            "count": 3,
            "name": "great",
            "url": "https://www.last.fm/tag/great"
        },
        {
            "count": 3,
            "name": "glam",
            "url": "https://www.last.fm/tag/glam"
        },
        {
            "count": 3,
            "name": "good",
            "url": "https://www.last.fm/tag/good"
        },
        {
            "count": 3,
            "name": "male vocalists",
            "url": "https://www.last.fm/tag/male+vocalists"
        },
        {
            "count": 3,
            "name": "best",
            "url": "https://www.last.fm/tag/best"
        },
        {
            "count": 3,
            "name": "english",
            "url": "https://www.last.fm/tag/english"
        },
        {
            "count": 3,
            "name": "1970s",
            "url": "https://www.last.fm/tag/1970s"
        },
        {
            "count": 3,
            "name": "best albums",
            "url": "https://www.last.fm/tag/best+albums"
        },
        {
            "count": 3,
            "name": "classic hard rock",
            "url": "https://www.last.fm/tag/classic+hard+rock"
        },
        {
            "count": 3,
            "name": "art",
            "url": "https://www.last.fm/tag/art"
        },
        {
            "count": 3,
            "name": "UK top 40",
            "url": "https://www.last.fm/tag/UK+top+40"
        },
        {
            "count": 3,
            "name": "opera rock",
            "url": "https://www.last.fm/tag/opera+rock"
        },
        {
            "count": 3,
            "name": "great albums",
            "url": "https://www.last.fm/tag/great+albums"
        },
        {
            "count": 3,
            "name": "love of my life",
            "url": "https://www.last.fm/tag/love+of+my+life"
        },
        {
            "count": 3,
            "name": "Rolling Stone 500 Greatest Albums",
            "url": "https://www.last.fm/tag/Rolling+Stone+500+Greatest+Albums"
        },
        {
            "count": 3,
            "name": "own on vinyl",
            "url": "https://www.last.fm/tag/own+on+vinyl"
        },
        {
            "count": 3,
            "name": "magnum opus",
            "url": "https://www.last.fm/tag/magnum+opus"
        },
        {
            "count": 3,
            "name": "vinyls i own",
            "url": "https://www.last.fm/tag/vinyls+i+own"
        },
        {
            "count": 3,
            "name": "vinyl collection",
            "url": "https://www.last.fm/tag/vinyl+collection"
        },
        {
            "count": 3,
            "name": "john deacon",
            "url": "https://www.last.fm/tag/john+deacon"
        },
        {
            "count": 3,
            "name": "uk number one",
            "url": "https://www.last.fm/tag/uk+number+one"
        },
        {
            "count": 3,
            "name": "slgdmtopalbums",
            "url": "https://www.last.fm/tag/slgdmtopalbums"
        },
        {
            "count": 3,
            "name": "rolling stone 500 greatest albums of all time",
            "url": "https://www.last.fm/tag/rolling+stone+500+greatest+albums+of+all+time"
        },
        {
            "count": 3,
            "name": "albums I listened to",
            "url": "https://www.last.fm/tag/albums+I+listened+to"
        },
        {
            "count": 2,
            "name": "60s",
            "url": "https://www.last.fm/tag/60s"
        },
        {
            "count": 2,
            "name": "alternative",
            "url": "https://www.last.fm/tag/alternative"
        },
        {
            "count": 2,
            "name": "alternative rock",
            "url": "https://www.last.fm/tag/alternative+rock"
        },
        {
            "count": 2,
            "name": "Progressive metal",
            "url": "https://www.last.fm/tag/Progressive+metal"
        },
        {
            "count": 2,
            "name": "UK",
            "url": "https://www.last.fm/tag/UK"
        },
        {
            "count": 2,
            "name": "Freddie",
            "url": "https://www.last.fm/tag/Freddie"
        },
        {
            "count": 2,
            "name": "Symphonic Rock",
            "url": "https://www.last.fm/tag/Symphonic+Rock"
        },
        {
            "count": 2,
            "name": "blues",
            "url": "https://www.last.fm/tag/blues"
        },
        {
            "count": 2,
            "name": "fantastic",
            "url": "https://www.last.fm/tag/fantastic"
        },
        {
            "count": 2,
            "name": "psychedelic",
            "url": "https://www.last.fm/tag/psychedelic"
        },
        {
            "count": 2,
            "name": "guitar",
            "url": "https://www.last.fm/tag/guitar"
        },
        {
            "count": 2,
            "name": "moody",
            "url": "https://www.last.fm/tag/moody"
        },
        {
            "count": 2,
            "name": "thoughtful",
            "url": "https://www.last.fm/tag/thoughtful"
        },
        {
            "count": 2,
            "name": "vocals",
            "url": "https://www.last.fm/tag/vocals"
        },
        {
            "count": 2,
            "name": "Reflective",
            "url": "https://www.last.fm/tag/Reflective"
        },
        {
            "count": 2,
            "name": "peaceful",
            "url": "https://www.last.fm/tag/peaceful"
        },
        {
            "count": 2,
            "name": "funky",
            "url": "https://www.last.fm/tag/funky"
        },
        {
            "count": 2,
            "name": "Progressive",
            "url": "https://www.last.fm/tag/Progressive"
        },
        {
            "count": 2,
            "name": "top",
            "url": "https://www.last.fm/tag/top"
        },
        {
            "count": 2,
            "name": "brasil",
            "url": "https://www.last.fm/tag/brasil"
        },
        {
            "count": 2,
            "name": "space rock",
            "url": "https://www.last.fm/tag/space+rock"
        },
        {
            "count": 2,
            "name": "Garage Rock",
            "url": "https://www.last.fm/tag/Garage+Rock"
        },
        {
            "count": 2,
            "name": "Gothic Metal",
            "url": "https://www.last.fm/tag/Gothic+Metal"
        },
        {
            "count": 2,
            "name": "brazilian",
            "url": "https://www.last.fm/tag/brazilian"
        },
        {
            "count": 2,
            "name": "piano rock",
            "url": "https://www.last.fm/tag/piano+rock"
        },
        {
            "count": 2,
            "name": "powerpop",
            "url": "https://www.last.fm/tag/powerpop"
        },
        {
            "count": 2,
            "name": "vinyl",
            "url": "https://www.last.fm/tag/vinyl"
        },
        {
            "count": 2,
            "name": "singer songwriter",
            "url": "https://www.last.fm/tag/singer+songwriter"
        },
        {
            "count": 2,
            "name": "Acoustic Rock",
            "url": "https://www.last.fm/tag/Acoustic+Rock"
        },
        {
            "count": 2,
            "name": "symphonic",
            "url": "https://www.last.fm/tag/symphonic"
        },
        {
            "count": 2,
            "name": "laptop",
            "url": "https://www.last.fm/tag/laptop"
        },
        {
            "count": 2,
            "name": "symphonic metal",
            "url": "https://www.last.fm/tag/symphonic+metal"
        },
        {
            "count": 2,
            "name": "Favorite",
            "url": "https://www.last.fm/tag/Favorite"
        },
        {
            "count": 2,
            "name": "Pop-Rock",
            "url": "https://www.last.fm/tag/Pop-Rock"
        },
        {
            "count": 2,
            "name": "brilliant",
            "url": "https://www.last.fm/tag/brilliant"
        },
        {
            "count": 2,
            "name": "hippie",
            "url": "https://www.last.fm/tag/hippie"
        },
        {
            "count": 2,
            "name": "sertanejo",
            "url": "https://www.last.fm/tag/sertanejo"
        },
        {
            "count": 2,
            "name": "hippy",
            "url": "https://www.last.fm/tag/hippy"
        },
        {
            "count": 2,
            "name": "8 of 10 stars",
            "url": "https://www.last.fm/tag/8+of+10+stars"
        }
    ]
}
