{
    "artist": "AC/DC",
    "data": [
        {
            "name": "guitar",
            "url": "https://www.last.fm/tag/guitar"
        },
        {
            "name": "metal",
            "url": "https://www.last.fm/tag/metal"
        },
        {
            "name": "rock",
            "url": "https://www.last.fm/tag/rock"
        }
    ],
    "track": "Hells Bells"
}
