{
    "artist": "AC/DC",
    "data": [
        {
            "count": 100,
            "name": "hard rock",
            "url": "https://www.last.fm/tag/hard+rock"
        },
        {
            "count": 59,
            "name": "rock",
            "url": "https://www.last.fm/tag/rock"
        },
        {
            "count": 54,
            "name": "classic rock",
            "url": "https://www.last.fm/tag/classic+rock"
        },
        {
            "count": 28,
            "name": "ACDC",
            "url": "https://www.last.fm/tag/ACDC"
        },
        {
            "count": 25,
            "name": "heavy metal",
            "url": "https://www.last.fm/tag/heavy+metal"
        },
        {
            "count": 14,
            "name": "80s",
            "url": "https://www.last.fm/tag/80s"
        },
        {
            "count": 12,
            "name": "AC/DC",
            "url": "https://www.last.fm/tag/AC%2FDC"
        },
        {
            "count": 11,
            "name": "metal",
            "url": "https://www.last.fm/tag/metal"
        },
        {
            "count": 6,
            "name": "australian",
            "url": "https://www.last.fm/tag/australian"
        },
        {
            "count": 6,
            "name": "guitar",
            "url": "https://www.last.fm/tag/guitar"
        },
        {
            "count": 5,
            "name": "hells bells",
            "url": "https://www.last.fm/tag/hells+bells"
        },
        {
            "count": 4,
            "name": "Rock and Roll",
            "url": "https://www.last.fm/tag/Rock+and+Roll"
        },
        {
            "count": 4,
            "name": "1980",
            "url": "https://www.last.fm/tag/1980"
        },
        {
            "count": 3,
            "name": "70s",
            "url": "https://www.last.fm/tag/70s"
        },
        {
            "count": 3,
            "name": "Supernatural",
            "url": "https://www.last.fm/tag/Supernatural"
        },
        {
            "count": 3,
            "name": "heavy rock",
            "url": "https://www.last.fm/tag/heavy+rock"
        },
        {
            "count": 3,
            "name": "favorites",
            "url": "https://www.last.fm/tag/favorites"
        },
        {
            "count": 3,
            "name": "classic metal",
            "url": "https://www.last.fm/tag/classic+metal"
        },
        {
            "count": 2,
            "name": "rock n roll",
            "url": "https://www.last.fm/tag/rock+n+roll"
        },
        {
            "count": 2,
            "name": "Awesome",
            "url": "https://www.last.fm/tag/Awesome"
        },
        {
            "count": 2,
            "name": "seen live",
            "url": "https://www.last.fm/tag/seen+live"
        },
        {
            "count": 2,
            "name": "australia",
            "url": "https://www.last.fm/tag/australia"
        },
        {
            "count": 2,
            "name": "live",
            "url": "https://www.last.fm/tag/live"
        },
        {
            "count": 2,
            "name": "ac dc",
            "url": "https://www.last.fm/tag/ac+dc"
        },
        {
            "count": 2,
            "name": "classic",
            "url": "https://www.last.fm/tag/classic"
        },
        {
            "count": 2,
            "name": "Hard",
            "url": "https://www.last.fm/tag/Hard"
        },
        {
            "count": 2,
            "name": "10 of 10 stars",
            "url": "https://www.last.fm/tag/10+of+10+stars"
        },
        {
            "count": 2,
            "name": "hardrock",
            "url": "https://www.last.fm/tag/hardrock"
        },
        {
            "count": 2,
            "name": "Ac-Dc",
            "url": "https://www.last.fm/tag/Ac-Dc"
        },
        {
            "count": 2,
            "name": "alternative",
            "url": "https://www.last.fm/tag/alternative"
        },
        {
            "count": 1,
            "name": "heavy",
            "url": "https://www.last.fm/tag/heavy"
        },
        {
            "count": 1,
            "name": "bells",
            "url": "https://www.last.fm/tag/bells"
        },
        {
            "count": 1,
            "name": "blues rock",
            "url": "https://www.last.fm/tag/blues+rock"
        },
        {
            "count": 1,
            "name": "male vocalist",
            "url": "https://www.last.fm/tag/male+vocalist"
        },
        {
            "count": 1,
            "name": "back in black",
            "url": "https://www.last.fm/tag/back+in+black"
        }
    ],
    "track": "Hells Bells"
}
