{
    "data": [
        {
            "artist": "Green Day",
            "timestamp": 1541878500,
            "track": "Bang Bang"
        },
        {
            "artist": "Awolnation",
            "timestamp": 1541878500,
            "track": "Sail"
        },
        {
            "artist": "The Head and the Heart",
            "timestamp": 1541878500,
            "track": "All We Ever Knew"
        },
        {
            "artist": "Kaleo",
            "timestamp": 1541878500,
            "track": "Way Down We Go"
        },
        {
            "artist": "Disturbed",
            "timestamp": 1541878500,
            "track": "The Sound of Silence"
        }
    ]
}
