{
    "artist": "AC/DC",
    "timestamp": 11111111111,
    "track": "Hells Bells"
}
