{
    "country": "Greece",
    "data": [
        {
            "artist": {
                "mbid": "CENSORED298a",
                "name": "Arctic Monkeys",
                "url": "https://www.last.fm/music/Arctic+Monkeys"
            },
            "duration": 272,
            "image": [
                {
                    "size": "small",
                    "text": "https://lastfm-img2.akamaized.net/i/u/34s/CENSORED.png"
                },
                {
                    "size": "medium",
                    "text": "https://lastfm-img2.akamaized.net/i/u/64s/CENSORED.png"
                },
                {
                    "size": "large",
                    "text": "https://lastfm-img2.akamaized.net/i/u/174s/CENSORED.png"
                },
                {
                    "size": "extralarge",
                    "text": "https://lastfm-img2.akamaized.net/i/u/300x300/CENSORED.png"
                }
            ],
            "listeners": 867724,
            "mbid": "CENSORED1a11",
            "name": "Do I Wanna Know?",
            "rank": 0,
            "url": "https://www.last.fm/music/Arctic+Monkeys/_/Do+I+Wanna+Know%3F"
        },
        {
            "artist": {
                "mbid": "CENSORED2711",
                "name": "Radiohead",
                "url": "https://www.last.fm/music/Radiohead"
            },
            "duration": 0,
            "image": [
                {
                    "size": "small",
                    "text": "https://lastfm-img2.akamaized.net/i/u/34s/CENSORED.png"
                },
                {
                    "size": "medium",
                    "text": "https://lastfm-img2.akamaized.net/i/u/64s/CENSORED.png"
                },
                {
                    "size": "large",
                    "text": "https://lastfm-img2.akamaized.net/i/u/174s/CENSORED.png"
                },
                {
                    "size": "extralarge",
                    "text": "https://lastfm-img2.akamaized.net/i/u/300x300/CENSORED.png"
                }
            ],
            "listeners": 261777,
            "mbid": "",
            "name": "Burn the Witch",
            "rank": 1,
            "url": "https://www.last.fm/music/Radiohead/_/Burn+the+Witch"
        },
        {
            "artist": {
                "mbid": "CENSORED6ca8",
                "name": "Massive Attack",
                "url": "https://www.last.fm/music/Massive+Attack"
            },
            "duration": 279,
            "image": [
                {
                    "size": "small",
                    "text": "https://lastfm-img2.akamaized.net/i/u/34s/CENSORED.png"
                },
                {
                    "size": "medium",
                    "text": "https://lastfm-img2.akamaized.net/i/u/64s/CENSORED.png"
                },
                {
                    "size": "large",
                    "text": "https://lastfm-img2.akamaized.net/i/u/174s/CENSORED.png"
                },
                {
                    "size": "extralarge",
                    "text": "https://lastfm-img2.akamaized.net/i/u/300x300/CENSORED.png"
                }
            ],
            "listeners": 1288368,
            "mbid": "CENSORED13ea",
            "name": "Teardrop",
            "rank": 2,
            "url": "https://www.last.fm/music/Massive+Attack/_/Teardrop"
        },
        {
            "artist": {
                "mbid": "CENSORED2711",
                "name": "Radiohead",
                "url": "https://www.last.fm/music/Radiohead"
            },
            "duration": 0,
            "image": [
                {
                    "size": "small",
                    "text": "https://lastfm-img2.akamaized.net/i/u/34s/CENSORED.png"
                },
                {
                    "size": "medium",
                    "text": "https://lastfm-img2.akamaized.net/i/u/64s/CENSORED.png"
                },
                {
                    "size": "large",
                    "text": "https://lastfm-img2.akamaized.net/i/u/174s/CENSORED.png"
                },
                {
                    "size": "extralarge",
                    "text": "https://lastfm-img2.akamaized.net/i/u/300x300/CENSORED.png"
                }
            ],
            "listeners": 1605374,
            "mbid": "CENSORED927f",
            "name": "Karma Police",
            "rank": 3,
            "url": "https://www.last.fm/music/Radiohead/_/Karma+Police"
        },
        {
            "artist": {
                "mbid": "CENSORED2711",
                "name": "Radiohead",
                "url": "https://www.last.fm/music/Radiohead"
            },
            "duration": 239,
            "image": [
                {
                    "size": "small",
                    "text": "https://lastfm-img2.akamaized.net/i/u/34s/CENSORED.png"
                },
                {
                    "size": "medium",
                    "text": "https://lastfm-img2.akamaized.net/i/u/64s/CENSORED.png"
                },
                {
                    "size": "large",
                    "text": "https://lastfm-img2.akamaized.net/i/u/174s/CENSORED.png"
                },
                {
                    "size": "extralarge",
                    "text": "https://lastfm-img2.akamaized.net/i/u/300x300/CENSORED.png"
                }
            ],
            "listeners": 1607794,
            "mbid": "CENSOREDeaa6",
            "name": "Creep",
            "rank": 4,
            "url": "https://www.last.fm/music/Radiohead/_/Creep"
        },
        {
            "artist": {
                "mbid": "CENSORED2711",
                "name": "Radiohead",
                "url": "https://www.last.fm/music/Radiohead"
            },
            "duration": 0,
            "image": [
                {
                    "size": "small",
                    "text": "https://lastfm-img2.akamaized.net/i/u/34s/CENSORED.png"
                },
                {
                    "size": "medium",
                    "text": "https://lastfm-img2.akamaized.net/i/u/64s/CENSORED.png"
                },
                {
                    "size": "large",
                    "text": "https://lastfm-img2.akamaized.net/i/u/174s/CENSORED.png"
                },
                {
                    "size": "extralarge",
                    "text": "https://lastfm-img2.akamaized.net/i/u/300x300/CENSORED.png"
                }
            ],
            "listeners": 215983,
            "mbid": "",
            "name": "Daydreaming",
            "rank": 5,
            "url": "https://www.last.fm/music/Radiohead/_/Daydreaming"
        },
        {
            "artist": {
                "mbid": "CENSOREDef4d",
                "name": "Tame Impala",
                "url": "https://www.last.fm/music/Tame+Impala"
            },
            "duration": 0,
            "image": [
                {
                    "size": "small",
                    "text": "https://lastfm-img2.akamaized.net/i/u/34s/CENSORED.png"
                },
                {
                    "size": "medium",
                    "text": "https://lastfm-img2.akamaized.net/i/u/64s/CENSORED.png"
                },
                {
                    "size": "large",
                    "text": "https://lastfm-img2.akamaized.net/i/u/174s/CENSORED.png"
                },
                {
                    "size": "extralarge",
                    "text": "https://lastfm-img2.akamaized.net/i/u/300x300/CENSORED.png"
                }
            ],
            "listeners": 382761,
            "mbid": "",
            "name": "The Less I Know the Better",
            "rank": 6,
            "url": "https://www.last.fm/music/Tame+Impala/_/The+Less+I+Know+the+Better"
        },
        {
            "artist": {
                "mbid": "CENSOREDb3b5",
                "name": "The White Stripes",
                "url": "https://www.last.fm/music/The+White+Stripes"
            },
            "duration": 449,
            "image": [
                {
                    "size": "small",
                    "text": "https://lastfm-img2.akamaized.net/i/u/34s/CENSORED.png"
                },
                {
                    "size": "medium",
                    "text": "https://lastfm-img2.akamaized.net/i/u/64s/CENSORED.png"
                },
                {
                    "size": "large",
                    "text": "https://lastfm-img2.akamaized.net/i/u/174s/CENSORED.png"
                },
                {
                    "size": "extralarge",
                    "text": "https://lastfm-img2.akamaized.net/i/u/300x300/CENSORED.png"
                }
            ],
            "listeners": 1481075,
            "mbid": "CENSOREDabc5",
            "name": "Seven Nation Army",
            "rank": 7,
            "url": "https://www.last.fm/music/The+White+Stripes/_/Seven+Nation+Army"
        },
        {
            "artist": {
                "mbid": "CENSOREDc4d6",
                "name": "Nirvana",
                "url": "https://www.last.fm/music/Nirvana"
            },
            "duration": 208,
            "image": [
                {
                    "size": "small",
                    "text": "https://lastfm-img2.akamaized.net/i/u/34s/CENSORED.png"
                },
                {
                    "size": "medium",
                    "text": "https://lastfm-img2.akamaized.net/i/u/64s/CENSORED.png"
                },
                {
                    "size": "large",
                    "text": "https://lastfm-img2.akamaized.net/i/u/174s/CENSORED.png"
                },
                {
                    "size": "extralarge",
                    "text": "https://lastfm-img2.akamaized.net/i/u/300x300/CENSORED.png"
                }
            ],
            "listeners": 1789826,
            "mbid": "CENSORED004e",
            "name": "Come as You Are",
            "rank": 8,
            "url": "https://www.last.fm/music/Nirvana/_/Come+as+You+Are"
        },
        {
            "artist": {
                "mbid": "CENSOREDc4d6",
                "name": "Nirvana",
                "url": "https://www.last.fm/music/Nirvana"
            },
            "duration": 301,
            "image": [
                {
                    "size": "small",
                    "text": "https://lastfm-img2.akamaized.net/i/u/34s/CENSORED.png"
                },
                {
                    "size": "medium",
                    "text": "https://lastfm-img2.akamaized.net/i/u/64s/CENSORED.png"
                },
                {
                    "size": "large",
                    "text": "https://lastfm-img2.akamaized.net/i/u/174s/CENSORED.png"
                },
                {
                    "size": "extralarge",
                    "text": "https://lastfm-img2.akamaized.net/i/u/300x300/CENSORED.png"
                }
            ],
            "listeners": 2031860,
            "mbid": "CENSORED4ed7",
            "name": "Smells Like Teen Spirit",
            "rank": 9,
            "url": "https://www.last.fm/music/Nirvana/_/Smells+Like+Teen+Spirit"
        }
    ],
    "limit": 10,
    "page": 1,
    "total": 2525955
}
